{
  "commit": "4f368d4586438333a1c1658ec1cb09fe34a20dec",
  "tree": "4d0f9c8b2ff40410ca0c99c59a9f111d0dbccb1b",
  "tracked_files_compared": 470,
  "requirements_lock_sha256": "45f11cbc00a936d427e6f94c03c27072fc190bf6f971f51853dd18231729259e",
  "pinned_environment": {
    "annotated-doc": "0.0.5",
    "annotated-types": "0.8.0",
    "anyio": "4.15.1",
    "build": "1.6.1",
    "certifi": "2026.7.22",
    "click": "8.5.0",
    "defusedxml": "0.7.1",
    "et-xmlfile": "2.0.0",
    "fastapi": "0.141.1",
    "h11": "0.16.0",
    "httpcore": "1.0.9",
    "httpx": "0.28.1",
    "hypothesis": "6.168.0",
    "idna": "3.19",
    "iniconfig": "2.3.0",
    "librt": "0.15.0",
    "mypy": "1.20.2",
    "mypy-extensions": "1.1.0",
    "openpyxl": "3.1.5",
    "packaging": "26.3",
    "pathspec": "1.1.1",
    "pluggy": "1.6.0",
    "pydantic": "2.13.5",
    "pydantic-core": "2.46.5",
    "pygments": "2.21.0",
    "pyproject-hooks": "1.3.3",
    "pytest": "9.1.1",
    "python-multipart": "0.0.32",
    "ruff": "0.16.8",
    "setuptools": "80.9.0",
    "sortedcontainers": "2.4.0",
    "starlette": "1.6.0",
    "typing-extensions": "4.16.0",
    "typing-inspection": "0.4.4",
    "uvicorn": "0.53.0",
    "wheel": "0.45.1",
    "xlrd": "2.0.2",
    "xlwt": "1.3.0"
  },
  "clean_builds": {
    "freight_audit-0.1.0-py3-none-any.whl": {
      "first_sha256": "5e19fae19e805ad2db3e6b9f7e89237e382d354fa6665c97d57c5ee8f025b24e",
      "second_sha256": "2a2db3f38043d87a5a620251ccb61a3b342a83b5efac8771a59ab5f15977385b",
      "byte_identical": false,
      "member_count": 22,
      "content_digest": "76bbd599ed21a57fd05b2fbab6266f997fd6cf235a79a8c1226c926c985cd8b2"
    },
    "freight_audit-0.1.0.tar.gz": {
      "first_sha256": "fb343275ee53f734c4a73556edc3e6babda330939b348a92454bc2047c440e1c",
      "second_sha256": "666f8cab94565ccb2bd46189b4737309774b9eeacd3c83705de6b92cd7579072",
      "byte_identical": false,
      "member_count": 239,
      "content_digest": "51ccc4bc03bea9fe178bdac2edf6d6343c666796dccafd1c5de7bf0ae59fec9b"
    }
  },
  "wheel_smoke": "Installed wheel: static UI, generated fixtures, audit, persistence, replay and export passed.",
  "sdist_smoke": "Installed wheel: static UI, generated fixtures, audit, persistence, replay and export passed.",
  "scope": "Clean source, package content and installed behavior on this OS; not Windows Excel or field validation"
}
